// Jest Snapshot v1, https://goo.gl/fbAQLP

exports[`renders when it doesn't have any results or a result search term 1`] = `
<PagingInfo
  end={20}
  results={Array []}
  searchTerm=""
  start={1}
  totalResults={100}
  viewHelpers={
    Object {
      "appendClassName": [Function],
      "getEscapedField": [Function],
      "getEscapedFields": [Function],
      "getFieldType": [Function],
      "getFilterValueDisplay": [Function],
      "getRaw": [Function],
      "getSnippet": [Function],
      "getSuggestionTitle": [Function],
      "getUrlSanitizer": [Function],
      "htmlEscape": [Function],
      "isFieldValueWrapper": [Function],
    }
  }
/>
`;

exports[`supports a render prop 1`] = `
<div>
  1
  20
</div>
`;
