// Jest Snapshot v1, https://goo.gl/fbAQLP

exports[`renders when it doesn't have results or a search term 1`] = `
<Sorting
  onChange={[Function]}
  options={
    Array [
      Object {
        "label": "name",
        "value": "field|||asc",
      },
      Object {
        "label": "name",
        "value": "field|||desc",
      },
    ]
  }
  results={Array []}
  searchTerm=""
  value="field|||asc"
  viewHelpers={
    Object {
      "appendClassName": [Function],
      "getEscapedField": [Function],
      "getEscapedFields": [Function],
      "getFieldType": [Function],
      "getFilterValueDisplay": [Function],
      "getRaw": [Function],
      "getSnippet": [Function],
      "getSuggestionTitle": [Function],
      "getUrlSanitizer": [Function],
      "htmlEscape": [Function],
      "isFieldValueWrapper": [Function],
    }
  }
/>
`;

exports[`supports a render prop 1`] = `
<div>
  field|||asc
</div>
`;
